// Jest Snapshot v1, https://goo.gl/fbAQLP

exports[`Pruebas en HomeScreen debe mostrarse correctamente 1`] = `
<div>
  <h1>
    Home Screen
  </h1>
  <hr />
  <pre>
    {
   "name": "Daniel",
   "email": "dlopezdelgado@gmail.com"
}
  </pre>
</div>
`;
